Task 15 verification - 2026-07-20 Asia/Shanghai

PASS focused authoritative suite
  uv run --python 3.12.7 python -m pytest tests/evaluation/experiments/test_runner.py tests/evaluation/experiments/test_post_call_join.py tests/evaluation/test_run_phase5_matrix.py tests/cli/test_main.py -q
  37 passed

PASS architecture and secret gates
  uv run --python 3.12.7 python -m pytest tests/architecture tests/review/test_secret_hygiene.py -q
  58 passed

PASS lint
  uv run --python 3.12.7 ruff check <Task 15 source and tests>
  All checks passed

PASS strict types
  uv run --python 3.12.7 mypy --strict src
  Success: no issues found in 119 source files

PASS package build
  UV_PYTHON=3.12.7 uv build
  built spanvouch-0.2.0 sdist and wheel

PASS diff hygiene
  git diff --check

INTEGRATION-ONLY BASELINE FAILURE full suite
  uv run --python 3.12.7 python -m pytest --import-mode=importlib -q
  1444 collected; 1442 passed, 1 skipped, 1 failed
  failure: tests/evaluation/test_artifacts.py hard-codes
  local:phase4-integration while this isolated worktree correctly reports
  local:phase5-task15. No Task 15 behavior failed.
